I'm sorry, but errors were detected in your script. Please correct the
errors listed below, and try again.


File "game/script.rpy", line 7: expected '=' not found.
    define sylvie green normal = "sylvie green normal"
                  ^

File "game/script.rpy", line 8: expected '=' not found.
    define sylvie green smile = "sylvie green smile"
                  ^

File "game/script.rpy", line 9: expected '=' not found.
    define sylvie green surprised = "sylvie green surprised"
                  ^

Ren'Py Version: Ren'Py 8.3.4.24120703
Fri Feb 14 03:35:24 2025
